// Jest Snapshot v1, https://goo.gl/fbAQLP

exports[`<RemainingFeesRepartitionChart /> should display all reimbursement data as a stacked bar 1`] = `"<div></div>"`;
