// Jest Snapshot v1, https://goo.gl/fbAQLP

exports[`<ReimbursementDistributionChart /> should display all reimbursement data as a stacked bar 1`] = `"<div height=\\"500\\" style=\\"margin-bottom: 500px;\\"><div><div style=\\"width: 5px; height: 125px; background-color: rgb(0, 100, 159);\\"></div><div style=\\"height: 125px; background-color: rgba(151, 147, 0, 0.3); width: -48px;\\"></div><div style=\\"height: 125px; background-color: rgba(188, 191, 0, 0.7); width: -24px;\\"></div><div style=\\"height: 125px; background-color: rgb(151, 147, 0); width: -12px;\\"></div></div><div><div class=\\"label\\" role=\\"tooltip\\" style=\\"border-color: #979300; background-color: white; color: black; left: -108px;\\"><div></div><div>€39.00</div><div>de remboursement sécurité sociale</div><div></div></div><div class=\\"label\\" role=\\"tooltip\\" style=\\"border-color: #979300; background-color: white; color: black; left: -144px;\\"><div></div><div>€20.00</div><div>de remboursement mutuelle</div><div></div></div><div class=\\"label\\" role=\\"tooltip\\" style=\\"border-color: transparent; background-color: rgb(151, 147, 0); color: white; left: -162px;\\"><div></div><div>€10.00</div><div>de reste à payer par vous</div></div></div></div>"`;
